<?xml version="1.0" encoding="utf-8"?><testsuites><testsuite errors="0" failures="0" hostname="FRLH137529" name="pytest" skipped="0" tests="3" time="18.290" timestamp="2022-01-01T18:56:47.201000"><testcase classname="test_HomePage.TestHomePage" file="test_HomePage.py" line="9" name="test_formSumission[GetDatas0]" time="3.951"><system-out>                        Male
                        Female
                      
</system-out></testcase><testcase classname="test_HomePage.TestHomePage" file="test_HomePage.py" line="9" name="test_formSumission[GetDatas1]" time="0.548"><system-out>                        Male
                        Female
                      
</system-out></testcase><testcase classname="test_e2e.TestOne" file="test_e2e.py" line="18" name="test_e2e" time="13.676"><system-out>Blackberry
France
×
Success! Thank you! Your order will be delivered in next few weeks :-).
</system-out></testcase></testsuite></testsuites>